[[210,143,37,73],[5,43,130,162],[100,81,130,162],[51,109,205,227],[167,22,130,162],[240,185,29,49],[145,212,245,11],[70,248,129,162],[32,156,130,162],[119,64,189,179],[22,94,85,153],[193,130,130,162],[85,41,133,219],[130,197,130,162],[227,230,130,162],[180,3,109,129],[31,111,255,202],[104,75,130,162],[9,49,130,162],[190,141,23,114],[74,246,129,162],[125,218,199,162],[220,179,47,138],[171,24,130,162],[205,124,130,162],[250,95,103,66],[91,62,143,26],[44,162,130,162],[152,9,95,90],[239,228,130,162],[142,199,130,162],[57,35,183,242],[89,208,161,93],[46,236,129,162],[207,18,130,162],[248,173,121,255],[140,85,130,162],[59,121,169,53],[154,147,81,23],[237,54,130,162],[11,219,130,162],[188,255,8,175],[29,29,241,141],[106,193,130,162],[222,105,65,199],[169,134,130,162],[72,168,130,162],[127,68,217,101],[20,176,67,216],[195,12,130,162],[34,242,129,162],[117,206,171,116],[225,52,130,162],[182,153,123,192],[87,115,147,156],[128,87,130,162],[102,187,130,162],[49,31,219,36],[208,253,50,8],[7,225,130,162],[147,74,227,76],[68,166,130,162],[165,136,130,162],[242,99,11,240],[228,16,93,64],[179,173,130,162],[82,207,130,162],[133,235,180,28],[17,148,130,162],[198,56,101,88],[39,86,141,244],[112,122,130,162],[150,30,130,162],[65,194,197,204],[160,220,45,112],[247,255,129,162],[99,167,253,164],[52,67,130,162],[213,105,130,162],[2,133,21,136],[137,241,134,181],[62,205,130,162],[159,175,130,162],[232,10,111,151],[92,116,130,162],[43,88,191,221],[202,54,87,127],[253,153,130,162],[219,253,129,162],[172,226,31,71],[77,188,247,229],[122,32,130,162],[14,135,39,47],[185,99,130,162],[24,73,130,162],[111,165,207,13],[79,82,233,34],[120,110,130,162],[217,143,130,162],[174,44,17,10],[26,211,130,162],[109,247,224,74],[12,21,57,242],[187,185,130,162],[157,93,130,162],[234,128,129,218],[139,155,153,114],[60,63,130,162],[200,232,73,194],[255,3,130,162],[94,42,130,162],[41,198,177,154],[162,50,59,177],[245,141,130,162],[148,112,130,162],[67,76,211,139],[215,179,130,162],[0,23,3,201],[97,245,234,99],[54,217,130,162],[80,61,130,162],[135,161,163,91],[230,122,75,1],[177,95,130,162],[37,200,155,51],[114,36,130,162],[19,10,130,162],[196,230,115,25],[238,139,130,162],[153,48,215,120],[56,78,63,212],[143,114,130,162],[251,24,239,160],[204,181,130,162],[45,215,130,162],[90,243,6,188],[124,159,79,4],[75,59,130,162],[170,97,130,162],[221,124,167,40],[105,38,130,162],[30,202,119,236],[191,228,159,80],[8,8,130,162],[131,108,130,162],[84,80,13,251],[181,46,229,97],[226,145,130,162],[118,249,52,19],[33,213,130,162],[192,183,130,162],[23,19,221,57],[241,126,149,145],[166,91,130,162],[71,65,130,162],[144,157,125,171],[4,6,130,162],[211,234,173,105],[50,196,69,195],[101,40,130,162],[69,203,130,162],[146,239,106,110],[243,12,131,206],[164,177,130,162],[48,90,83,134],[103,118,130,162],[6,152,130,162],[209,52,187,166],[183,224,243,30],[224,251,129,162],[129,34,130,162],[86,190,27,62],[194,101,130,162],[21,137,203,246],[116,163,35,86],[35,71,130,162],[168,171,130,162],[223,14,185,231],[126,237,96,69],[73,209,130,162],[189,58,145,15],[10,150,130,162],[107,120,130,162],[28,84,105,45],[58,192,49,149],[141,28,130,162],[236,1,130,162],[155,222,201,183],[47,69,130,162],[88,169,25,125],[249,130,1,224],[206,103,130,162],[184,14,130,162],[15,178,175,143],[110,204,71,173],[25,240,129,162],[173,151,151,103],[218,50,130,162],[123,89,130,162],[76,117,127,197],[42,33,55,253],[93,189,130,162],[252,222,130,162],[203,251,222,95],[63,164,130,162],[136,72,15,21],[233,101,231,55],[158,138,130,162],[53,238,129,162],[98,210,117,6],[3,172,157,38],[212,16,130,162],[64,119,77,238],[151,83,130,162],[246,56,130,162],[161,149,165,78],[199,1,237,118],[16,221,130,162],[113,191,130,162],[38,27,5,214],[178,132,130,162],[229,103,213,158],[132,70,61,190],[83,170,130,162],[115,77,130,162],[36,113,19,147],[197,139,251,185],[18,47,130,162],[134,216,43,123],[81,244,129,162],[176,26,130,162],[231,181,195,225],[1,98,139,233],[214,126,130,162],[55,160,130,162],[96,60,99,67],[244,226,130,162],[163,7,179,17],[66,37,91,43],[149,201,130,162],[254,44,130,162],[201,145,209,32],[40,107,41,60],[95,79,130,162],[235,183,249,248],[156,20,130,162],[61,250,129,162],[138,214,33,84],[108,66,89,108],[27,158,130,162],[186,128,130,162],[13,92,193,208],[121,195,130,162],[78,39,113,132],[175,5,137,168],[216,232,130,162],[210,143,37,73],[5,43,130,162],[100,81,130,162],[51,109,205,227],[167,22,130,162],[240,185,29,49],[145,212,245,11],[70,248,129,162],[32,156,130,162],[119,64,189,179],[22,94,85,153],[193,130,130,162],[85,41,133,219],[130,197,130,162],[227,230,130,162],[180,3,109,129],[31,111,255,202],[104,75,130,162],[9,49,130,162],[190,141,23,114],[74,246,129,162],[125,218,199,162],[220,179,47,138],[171,24,130,162],[205,124,130,162],[250,95,103,66],[91,62,143,26],[44,162,130,162],[152,9,95,90],[239,228,130,162],[142,199,130,162],[57,35,183,242],[89,208,161,93],[46,236,129,162],[207,18,130,162],[248,173,121,255],[140,85,130,162],[59,121,169,53],[154,147,81,23],[237,54,130,162],[11,219,130,162],[188,255,8,175],[29,29,241,141],[106,193,130,162],[222,105,65,199],[169,134,130,162],[72,168,130,162],[127,68,217,101],[20,176,67,216],[195,12,130,162],[34,242,129,162],[117,206,171,116],[225,52,130,162],[182,153,123,192],[87,115,147,156],[128,87,130,162],[102,187,130,162],[49,31,219,36],[208,253,50,8],[7,225,130,162],[147,74,227,76],[68,166,130,162],[165,136,130,162],[242,99,11,240],[228,16,93,64],[179,173,130,162],[82,207,130,162],[133,235,180,28],[17,148,130,162],[198,56,101,88],[39,86,141,244],[112,122,130,162],[150,30,130,162],[65,194,197,204],[160,220,45,112],[247,255,129,162],[99,167,253,164],[52,67,130,162],[213,105,130,162],[2,133,21,136],[137,241,134,181],[62,205,130,162],[159,175,130,162],[232,10,111,151],[92,116,130,162],[43,88,191,221],[202,54,87,127],[253,153,130,162],[219,253,129,162],[172,226,31,71],[77,188,247,229],[122,32,130,162],[14,135,39,47],[185,99,130,162],[24,73,130,162],[111,165,207,13],[79,82,233,34],[120,110,130,162],[217,143,130,162],[174,44,17,10],[26,211,130,162],[109,247,224,74],[12,21,57,242],[187,185,130,162],[157,93,130,162],[234,128,129,218],[139,155,153,114],[60,63,130,162],[200,232,73,194],[255,3,130,162],[94,42,130,162],[41,198,177,154],[162,50,59,177],[245,141,130,162],[148,112,130,162],[67,76,211,139],[215,179,130,162],[0,23,3,201],[97,245,234,99],[54,217,130,162],[80,61,130,162],[135,161,163,91],[230,122,75,1],[177,95,130,162],[37,200,155,51],[114,36,130,162],[19,10,130,162],[196,230,115,25],[238,139,130,162],[153,48,215,120],[56,78,63,212],[143,114,130,162],[251,24,239,160],[204,181,130,162],[45,215,130,162],[90,243,6,188],[124,159,79,4],[75,59,130,162],[170,97,130,162],[221,124,167,40],[105,38,130,162],[30,202,119,236],[191,228,159,80],[8,8,130,162],[131,108,130,162],[84,80,13,251],[181,46,229,97],[226,145,130,162],[118,249,52,19],[33,213,130,162],[192,183,130,162],[23,19,221,57],[241,126,149,145],[166,91,130,162],[71,65,130,162],[144,157,125,171],[4,6,130,162],[211,234,173,105],[50,196,69,195],[101,40,130,162],[69,203,130,162],[146,239,106,110],[243,12,131,206],[164,177,130,162],[48,90,83,134],[103,118,130,162],[6,152,130,162],[209,52,187,166],[183,224,243,30],[224,251,129,162],[129,34,130,162],[86,190,27,62],[194,101,130,162],[21,137,203,246],[116,163,35,86],[35,71,130,162],[168,171,130,162],[223,14,185,231],[126,237,96,69],[73,209,130,162],[189,58,145,15],[10,150,130,162],[107,120,130,162],[28,84,105,45],[58,192,49,149],[141,28,130,162],[236,1,130,162],[155,222,201,183],[47,69,130,162],[88,169,25,125],[249,130,1,224],[206,103,130,162],[184,14,130,162],[15,178,175,143],[110,204,71,173],[25,240,129,162],[173,151,151,103],[218,50,130,162],[123,89,130,162],[76,117,127,197],[42,33,55,253],[93,189,130,162],[252,222,130,162],[203,251,222,95],[63,164,130,162],[136,72,15,21],[233,101,231,55],[158,138,130,162],[53,238,129,162],[98,210,117,6],[3,172,157,38],[212,16,130,162],[64,119,77,238],[151,83,130,162],[246,56,130,162],[161,149,165,78],[199,1,237,118],[16,221,130,162],[113,191,130,162],[38,27,5,214],[178,132,130,162],[229,103,213,158],[132,70,61,190],[83,170,130,162],[115,77,130,162],[36,113,19,147],[197,139,251,185],[18,47,130,162],[134,216,43,123],[81,244,129,162],[176,26,130,162],[231,181,195,225],[1,98,139,233],[214,126,130,162],[55,160,130,162],[96,60,99,67],[244,226,130,162],[163,7,179,17],[66,37,91,43],[149,201,130,162],[254,44,130,162],[201,145,209,32],[40,107,41,60],[95,79,130,162],[235,183,249,248],[156,20,130,162],[61,250,129,162],[138,214,33,84],[108,66,89,108],[27,158,130,162],[186,128,130,162],[13,92,193,208],[121,195,130,162],[78,39,113,132],[175,5,137,168],[216,232,130,162],[210,143,37,73],[5,43,130,162],[100,81,130,162],[51,109,205,227],[167,22,130,162],[240,185,29,49],[145,212,245,11],[70,248,129,162],[32,156,130,162],[119,64,189,179],[22,94,85,153],[193,130,130,162],[85,41,133,219],[130,197,130,162],[227,230,130,162],[180,3,109,129],[31,111,255,202],[104,75,130,162],[9,49,130,162],[190,141,23,114],[74,246,129,162],[125,218,199,162],[220,179,47,138],[171,24,130,162],[205,124,130,162],[250,95,103,66],[91,62,143,26],[44,162,130,162],[152,9,95,90],[239,228,130,162],[142,199,130,162],[57,35,183,242],[89,208,161,93],[46,236,129,162],[207,18,130,162],[248,173,121,255],[140,85,130,162],[59,121,169,53],[154,147,81,23],[237,54,130,162],[11,219,130,162],[188,255,8,175],[29,29,241,141],[106,193,130,162],[222,105,65,199],[169,134,130,162],[72,168,130,162],[127,68,217,101],[20,176,67,216],[195,12,130,162],[34,242,129,162],[117,206,171,116],[225,52,130,162],[182,153,123,192],[87,115,147,156],[128,87,130,162],[102,187,130,162],[49,31,219,36],[208,253,50,8],[7,225,130,162],[147,74,227,76],[68,166,130,162],[165,136,130,162],[242,99,11,240],[228,16,93,64],[179,173,130,162],[82,207,130,162],[133,235,180,28],[17,148,130,162],[198,56,101,88],[39,86,141,244],[112,122,130,162],[150,30,130,162],[65,194,197,204],[160,220,45,112],[247,255,129,162],[99,167,253,164],[52,67,130,162],[213,105,130,162],[2,133,21,136],[137,241,134,181],[62,205,130,162],[159,175,130,162],[232,10,111,151],[92,116,130,162],[43,88,191,221],[202,54,87,127],[253,153,130,162],[219,253,129,162],[172,226,31,71],[77,188,247,229],[122,32,130,162],[14,135,39,47],[185,99,130,162],[24,73,130,162],[111,165,207,13],[79,82,233,34],[120,110,130,162],[217,143,130,162],[174,44,17,10],[26,211,130,162],[109,247,224,74],[12,21,57,242],[187,185,130,162],[157,93,130,162],[234,128,129,218],[139,155,153,114],[60,63,130,162],[200,232,73,194],[255,3,130,162],[94,42,130,162],[41,198,177,154],[162,50,59,177],[245,141,130,162],[148,112,130,162],[67,76,211,139],[215,179,130,162],[0,23,3,201],[97,245,234,99],[54,217,130,162],[80,61,130,162],[135,161,163,91],[230,122,75,1],[177,95,130,162],[37,200,155,51],[114,36,130,162],[19,10,130,162],[196,230,115,25],[238,139,130,162],[153,48,215,120],[56,78,63,212],[143,114,130,162],[251,24,239,160],[204,181,130,162],[45,215,130,162],[90,243,6,188],[124,159,79,4],[75,59,130,162],[170,97,130,162],[221,124,167,40],[105,38,130,162],[30,202,119,236],[191,228,159,80],[8,8,130,162],[131,108,130,162],[84,80,13,251],[181,46,229,97],[226,145,130,162],[118,249,52,19],[33,213,130,162],[192,183,130,162],[23,19,221,57],[241,126,149,145],[166,91,130,162],[71,65,130,162],[144,157,125,171],[4,6,130,162],[211,234,173,105],[50,196,69,195],[101,40,130,162],[69,203,130,162],[146,239,106,110],[243,12,131,206],[164,177,130,162],[48,90,83,134],[103,118,130,162],[6,152,130,162],[209,52,187,166],[183,224,243,30],[224,251,129,162],[129,34,130,162],[86,190,27,62],[194,101,130,162],[21,137,203,246],[116,163,35,86],[35,71,130,162],[168,171,130,162],[223,14,185,231],[126,237,96,69],[73,209,130,162],[189,58,145,15],[10,150,130,162],[107,120,130,162],[28,84,105,45],[58,192,49,149],[141,28,130,162],[236,1,130,162],[155,222,201,183],[47,69,130,162],[88,169,25,125],[249,130,1,224],[206,103,130,162],[184,14,130,162],[15,178,175,143],[110,204,71,173],[25,240,129,162],[173,151,151,103],[218,50,130,162],[123,89,130,162],[76,117,127,197],[42,33,55,253],[93,189,130,162],[252,222,130,162],[203,251,222,95],[63,164,130,162],[136,72,15,21],[233,101,231,55],[158,138,130,162],[53,238,129,162],[98,210,117,6],[3,172,157,38],[212,16,130,162],[64,119,77,238],[151,83,130,162],[246,56,130,162],[161,149,165,78],[199,1,237,118],[16,221,130,162],[113,191,130,162],[38,27,5,214],[178,132,130,162],[229,103,213,158],[132,70,61,190],[83,170,130,162],[115,77,130,162],[36,113,19,147],[197,139,251,185],[18,47,130,162],[134,216,43,123],[81,244,129,162],[176,26,130,162],[231,181,195,225],[1,98,139,233],[214,126,130,162],[55,160,130,162],[96,60,99,67],[244,226,130,162],[163,7,179,17],[66,37,91,43],[149,201,130,162],[254,44,130,162],[201,145,209,32],[40,107,41,60],[95,79,130,162],[235,183,249,248],[156,20,130,162],[61,250,129,162],[138,214,33,84],[108,66,89,108],[27,158,130,162],[186,128,130,162],[13,92,193,208],[121,195,130,162],[78,39,113,132],[175,5,137,168],[216,232,130,162],[210,143,37,73],[5,43,130,162],[100,81,130,162],[51,109,205,227],[167,22,130,162],[240,185,29,49],[145,212,245,11],[70,248,129,162],[32,156,130,162],[119,64,189,179],[22,94,85,153],[193,130,130,162],[85,41,133,219],[130,197,130,162],[227,230,130,162],[180,3,109,129],[31,111,255,202],[104,75,130,162],[9,49,130,162],[190,141,23,114],[74,246,129,162],[125,218,199,162],[220,179,47,138],[171,24,130,162],[205,124,130,162],[250,95,103,66],[91,62,143,26],[44,162,130,162],[152,9,95,90],[239,228,130,162],[142,199,130,162],[57,35,183,242],[89,208,161,93],[46,236,129,162],[207,18,130,162],[248,173,121,255],[140,85,130,162],[59,121,169,53],[154,147,81,23],[237,54,130,162],[11,219,130,162],[188,255,8,175],[29,29,241,141],[106,193,130,162],[222,105,65,199],[169,134,130,162],[72,168,130,162],[127,68,217,101],[20,176,67,216],[195,12,130,162],[34,242,129,162],[117,206,171,116],[225,52,130,162],[182,153,123,192],[87,115,147,156],[128,87,130,162],[102,187,130,162],[49,31,219,36],[208,253,50,8],[7,225,130,162],[147,74,227,76],[68,166,130,162],[165,136,130,162],[242,99,11,240],[228,16,93,64],[179,173,130,162],[82,207,130,162],[133,235,180,28],[17,148,130,162],[198,56,101,88],[39,86,141,244],[112,122,130,162],[150,30,130,162],[65,194,197,204],[160,220,45,112],[247,255,129,162],[99,167,253,164],[52,67,130,162],[213,105,130,162],[2,133,21,136],[137,241,134,181],[62,205,130,162],[159,175,130,162],[232,10,111,151],[92,116,130,162],[43,88,191,221],[202,54,87,127],[253,153,130,162],[219,253,129,162],[172,226,31,71],[77,188,247,229],[122,32,130,162],[14,135,39,47],[185,99,130,162],[24,73,130,162],[111,165,207,13],[79,82,233,34],[120,110,130,162],[217,143,130,162],[174,44,17,10],[26,211,130,162],[109,247,224,74],[12,21,57,242],[187,185,130,162],[157,93,130,162],[234,128,129,218],[139,155,153,114],[60,63,130,162],[200,232,73,194],[255,3,130,162],[94,42,130,162],[41,198,177,154],[162,50,59,177],[245,141,130,162],[148,112,130,162],[67,76,211,139],[215,179,130,162],[0,23,3,201],[97,245,234,99],[54,217,130,162],[80,61,130,162],[135,161,163,91],[230,122,75,1],[177,95,130,162],[37,200,155,51],[114,36,130,162],[19,10,130,162],[196,230,115,25],[238,139,130,162],[153,48,215,120],[56,78,63,212],[143,114,130,162],[251,24,239,160],[204,181,130,162],[45,215,130,162],[90,243,6,188],[124,159,79,4],[75,59,130,162],[170,97,130,162],[221,124,167,40],[105,38,130,162],[30,202,119,236],[191,228,159,80],[8,8,130,162],[131,108,130,162],[84,80,13,251],[181,46,229,97],[226,145,130,162],[118,249,52,19],[33,213,130,162],[192,183,130,162],[23,19,221,57],[241,126,149,145],[166,91,130,162],[71,65,130,162],[144,157,125,171],[4,6,130,162],[211,234,173,105],[50,196,69,195],[101,40,130,162],[69,203,130,162],[146,239,106,110],[243,12,131,206],[164,177,130,162],[48,90,83,134],[103,118,130,162],[6,152,130,162],[209,52,187,166],[183,224,243,30],[224,251,129,162],[129,34,130,162],[86,190,27,62],[194,101,130,162],[21,137,203,246],[116,163,35,86],[35,71,130,162],[168,171,130,162],[223,14,185,231],[126,237,96,69],[73,209,130,162],[189,58,145,15],[10,150,130,162],[107,120,130,162],[28,84,105,45],[58,192,49,149],[141,28,130,162],[236,1,130,162],[155,222,201,183],[47,69,130,162],[88,169,25,125],[249,130,1,224],[206,103,130,162],[184,14,130,162],[15,178,175,143],[110,204,71,173],[25,240,129,162],[173,151,151,103],[218,50,130,162],[123,89,130,162],[76,117,127,197],[42,33,55,253],[93,189,130,162],[252,222,130,162],[203,251,222,95],[63,164,130,162],[136,72,15,21],[233,101,231,55],[158,138,130,162],[53,238,129,162],[98,210,117,6],[3,172,157,38],[212,16,130,162],[64,119,77,238],[151,83,130,162],[246,56,130,162],[161,149,165,78],[199,1,237,118],[16,221,130,162],[113,191,130,162],[38,27,5,214],[178,132,130,162],[229,103,213,158],[132,70,61,190],[83,170,130,162],[115,77,130,162],[36,113,19,147],[197,139,251,185],[18,47,130,162],[134,216,43,123],[81,244,129,162],[176,26,130,162],[231,181,195,225]]